// Vitest Snapshot v1, https://vitest.dev/guide/snapshot.html

exports[`index > escape 1`] = `"_1234567890-etijhrpknm___aqwertyuiop__wQWERTYUIOP__uasdfghjklfqASDFGHJKLcxzxcvbnmbdsZXCVBNMlgo"`;

exports[`index > escape with map 1`] = `"_1234567890-_e__t__i__at__h__do__p__ca__am__a__pl__qr___plus_qwertyuiop_bl__br__bs_QWERTYUIOP_bal__bar__b_asdfghjkl_se__q_ASDFGHJKL_c__dq_zxcvbnm_co__d__s_ZXCVBNM_l__g__qu_"`;
